#-----------------------------------------------------------
# Vivado v2022.1.2 (64-bit)
# SW Build 3605665 on Fri Aug  5 22:53:37 MDT 2022
# IP Build 3603185 on Sat Aug  6 04:07:44 MDT 2022
# Start of session at: Sat Nov  5 12:57:28 2022
# Process ID: 2216
# Current directory: C:/Users/Utente/Desktop/Progetti Vivado/Progetto1_reti combinatorie elementari_MUX6_DEX4/Punto_1.3/Componente_M16_D4/M16_D4/Sintesi/synth_1
# Command line: vivado.exe -log M16_D4.vds -product Vivado -mode batch -messageDb vivado.pb -notrace -source M16_D4.tcl
# Log file: C:/Users/Utente/Desktop/Progetti Vivado/Progetto1_reti combinatorie elementari_MUX6_DEX4/Punto_1.3/Componente_M16_D4/M16_D4/Sintesi/synth_1/M16_D4.vds
# Journal file: C:/Users/Utente/Desktop/Progetti Vivado/Progetto1_reti combinatorie elementari_MUX6_DEX4/Punto_1.3/Componente_M16_D4/M16_D4/Sintesi/synth_1\vivado.jou
# Running On: DESKTOP-UK1IBPM, OS: Windows, CPU Frequency: 2419 MHz, CPU Physical cores: 4, Host memory: 16924 MB
#-----------------------------------------------------------
source M16_D4.tcl -notrace
